---
source: snipdoc/src/walk.rs
expression: file_paths
---
[
    "folder/file.txt",
]
