---
source: snipdoc/src/parser/mod.rs
expression: snippet.create_content(&action)
---
"snipdoc [VERSION]"
