---
source: snipdoc/src/parser/mod.rs
expression: snippet.create_content(&action)
---
"```sh\r\ncalc\r\nresult:\r\n2\r\n```"
