---
source: snipdoc/src/parser/mod.rs
expression: snippet.create_content(&action)
---
"$$ cargo install snipdoc[NEW_LINE]$$ snipdoc --version"
