---
source: snipdoc/src/parser/mod.rs
expression: snippet.get_content(&action)
---
"```sh\n$ cargo install snipdoc\n$ snipdoc --version\n```"
