---
source: snipdoc/src/parser/mod.rs
expression: snippet.create_content(&action)
---
"- ```sh[NEW_LINE]- cargo install snipdoc[NEW_LINE]- snipdoc --version[NEW_LINE]- ```"
